// Jest Snapshot v1, https://goo.gl/fbAQLP

exports[`Cv should render correctly 1`] = `
<div
  className="cardContent"
>
  <div
    className="uperContainer"
  >
    <div
      className="imageContainer"
    >
      <Image
        alt="profile picture"
        className="profilePicture"
        height={256}
        src="/profile_pic2.jpg"
        width={256}
      />
    </div>
    <h3
      className="card-title"
    >
      Jonas Fischer
    </h3>
    <div
      className="factSection"
    >
      <div
        className="factSubContainer"
      >
        <Fact
          description="Class & Level"
          factTitle="Developer 7"
        />
        <Fact
          description="Background"
          factTitle="Catlover/Gamer"
        />
      </div>
      <div
        className="factSubContainer"
      >
        <Fact
          description="Alignment"
          factTitle="Neutral Good"
        />
        <Fact
          description="Species"
          factTitle="Human"
        />
      </div>
    </div>
  </div>
  <div
    className="progressBarContainer"
  >
    <Accordion
      title="Skills"
    >
      <ProgressBar
        colorScheme="javascript"
        fillingPercentage="75"
        title="JavaScript"
      />
      <ProgressBar
        colorScheme="typescript"
        fillingPercentage="85"
        title="TypeScript"
      />
      <ProgressBar
        colorScheme="react"
        fillingPercentage="85"
        title="React"
      />
      <ProgressBar
        colorScheme="java"
        fillingPercentage="75"
        title="Java"
      />
      <ProgressBar
        colorScheme="springboot"
        fillingPercentage="60"
        title="Spring Boot"
      />
    </Accordion>
  </div>
  <div
    className="featsContainer"
  >
    <Accordion
      title="Feats"
    >
      <div
        className="row align-items-center gx-2"
      >
        <Feat
          featTitle="cheese"
          key="cheese"
        />
        <Feat
          featTitle="chocolate"
          key="chocolate"
        />
        <Feat
          featTitle="honey"
          key="honey"
        />
      </div>
    </Accordion>
  </div>
  <div
    className="adventureLogContainer"
  >
    <Accordion
      title="Adventure Log"
    >
      <ul
        className="list-group list-group-flush"
      >
        <AdventureLogEntry
          entry={
            Object {
              "entryText": "2018 - Today: Software Developer / Immowelt Hamburg GmbH",
              "isLast": true,
            }
          }
          key="2018 - Today: Software Developer / Immowelt Hamburg GmbH"
        />
        <AdventureLogEntry
          entry={
            Object {
              "entryText": "2015 - 2018: Software Developer Apprenticeship / Immowelt Hamburg GmbH",
            }
          }
          key="2015 - 2018: Software Developer Apprenticeship / Immowelt Hamburg GmbH"
        />
        <AdventureLogEntry
          entry={
            Object {
              "entryText": "2013 - 2015: Studies Game Programming / SAE Hamburg (Diploma)",
            }
          }
          key="2013 - 2015: Studies Game Programming / SAE Hamburg (Diploma)"
        />
        <AdventureLogEntry
          entry={
            Object {
              "entryText": "2012 - 2013: Nursery School Teacher Apprenticeship / Fachschule für Sozialpädagogik 2",
            }
          }
          key="2012 - 2013: Nursery School Teacher Apprenticeship / Fachschule für Sozialpädagogik 2"
        />
        <AdventureLogEntry
          entry={
            Object {
              "entryText": "2012 - 2012: Internships as Nursery School Teacher",
            }
          }
          key="2012 - 2012: Internships as Nursery School Teacher"
        />
        <AdventureLogEntry
          entry={
            Object {
              "entryText": "2011 - 2012: Call Center Agent / Axel Springer Direkt",
            }
          }
          key="2011 - 2012: Call Center Agent / Axel Springer Direkt"
        />
        <AdventureLogEntry
          entry={
            Object {
              "entryText": "2004 - 2011: Studies Media Culture / Universität Hamburg (Bakkalaureus Artium)",
            }
          }
          key="2004 - 2011: Studies Media Culture / Universität Hamburg (Bakkalaureus Artium)"
        />
      </ul>
    </Accordion>
  </div>
  <h4>
    Profiles
  </h4>
  <div
    className="row align-items-center gx-4"
  >
    <div
      className="col"
    >
      <button
        className="btn btn-primary"
        onClick={[Function]}
        type="button"
      >
        Github
      </button>
    </div>
    <div
      className="col"
    >
      <button
        className="btn btn-primary"
        onClick={[Function]}
        type="button"
      >
        Xing
      </button>
    </div>
    <div
      className="col"
    >
      <button
        className="btn btn-primary"
        onClick={[Function]}
        type="button"
      >
        Linkedin
      </button>
    </div>
  </div>
</div>
`;
