// Jest Snapshot v1, https://goo.gl/fbAQLP

exports[`Index should render correctly 1`] = `
<div
  className="page"
>
  <div
    className="wrapper"
  >
    <div
      className="container-fluid"
    >
      <div
        className="row"
      >
        <div
          className="col"
        >
          <div
            className="navigation"
          >
            <nav>
              <div
                className="nav nav-tabs"
                id="nav-tab"
                role="tablist"
              >
                <button
                  className="nav-item nav-link active"
                  onClick={[Function]}
                  type="button"
                >
                  <div
                    className="navButtonContainer"
                  >
                    <div
                      className="navIconContainer"
                    >
                      <IconEye
                        size={16}
                        stroke={3}
                      />
                    </div>
                    See
                  </div>
                </button>
                <button
                  className="nav-item nav-link "
                  onClick={[Function]}
                  type="button"
                >
                  <div
                    className="navButtonContainer"
                  >
                    <div
                      className="navIconContainer"
                    >
                      <IconCirclePlus
                        size={16}
                        stroke={3}
                      />
                    </div>
                    Create
                  </div>
                </button>
              </div>
            </nav>
            <button
              className="btn btn-outline-danger"
              onClick={[Function]}
              type="button"
            >
              <div
                className="navButtonContainer"
              >
                <div
                  className="navIconContainer"
                >
                  <IconHistory
                    size={16}
                    stroke={3}
                  />
                </div>
                Reset
              </div>
            </button>
          </div>
          <div
            className="card"
          >
            <div
              className="card-body"
            >
              <Index
                cvData={
                  Object {
                    "alignment": "Neutral Good",
                    "background": "Catlover/Gamer",
                    "classAndLevel": "Developer 7",
                    "name": "Jonas Fischer",
                    "species": "Human",
                  }
                }
                feats={
                  Array [
                    "Jest",
                    "Enzyme",
                    "SCSS",
                    "ESLint",
                    "Stylelint",
                    "ES6",
                    "Next.js",
                    "Webpack",
                    "JUnit",
                    "Mockito",
                    "Elasticsearch",
                    "Git",
                    "Scrum",
                  ]
                }
              />
            </div>
          </div>
        </div>
      </div>
    </div>
  </div>
</div>
`;
