// Jest Snapshot v1, https://goo.gl/fbAQLP

exports[`Creator should render correctly 1`] = `
<div>
  <div
    className="input-group mb-3"
  >
    <span
      className="input-group-text"
      id="basic-addon1"
    >
      Name
    </span>
    <input
      aria-describedby="basic-addon1"
      aria-label="Name"
      className="form-control"
      onChange={[Function]}
      placeholder="e.g. Jane Doe"
      type="text"
    />
  </div>
  <div
    className="input-group mb-3"
  >
    <span
      className="input-group-text"
      id="basic-addon1"
    >
      Class & Level
    </span>
    <input
      aria-describedby="basic-addon1"
      aria-label="Name"
      className="form-control"
      onChange={[Function]}
      placeholder="e.g. Developer 3"
      type="text"
    />
  </div>
  <div
    className="input-group mb-3"
  >
    <span
      className="input-group-text"
      id="basic-addon1"
    >
      Background
    </span>
    <input
      aria-describedby="basic-addon1"
      aria-label="Name"
      className="form-control"
      onChange={[Function]}
      placeholder="e.g. Tactical Mathematician"
      type="text"
    />
  </div>
  <div
    className="input-group mb-3"
  >
    <span
      className="input-group-text"
      id="basic-addon1"
    >
      Alignment
    </span>
    <select
      aria-label="Default select example"
      className="form-select"
      defaultValue="1"
      onChange={[Function]}
    >
      <option
        value="Lawful Good"
      >
        Lawful Good
      </option>
      <option
        value="Lawful Neutral"
      >
        Lawful Neutral
      </option>
      <option
        value="Lawful Evil"
      >
        Lawful Evil
      </option>
      <option
        value="Neutral Good"
      >
        Neutral Good
      </option>
      <option
        value="Neutral Neutral"
      >
        Neutral Neutral
      </option>
      <option
        value="Neutral Evil"
      >
        Neutral Evil
      </option>
      <option
        value="Chaotic Good"
      >
        Chaotic Good
      </option>
      <option
        value="Chaotic Neutral"
      >
        Chaotic Neutral
      </option>
      <option
        value="Chaotic Evil"
      >
        Chaotic Evil
      </option>
    </select>
  </div>
  <div
    className="input-group mb-3"
  >
    <span
      className="input-group-text"
      id="basic-addon1"
    >
      Species
    </span>
    <input
      aria-describedby="basic-addon1"
      aria-label="Name"
      className="form-control"
      onChange={[Function]}
      placeholder="e.g. Tiefling"
      type="text"
    />
  </div>
  <div
    className="input-group"
  >
    <span
      className="input-group-text"
    >
      Feats, separate with semicolon
    </span>
    <textarea
      aria-label="With textarea"
      className="form-control"
      onChange={[Function]}
      placeholder="e.g. Git; Elasticsearch; Ritual Caster"
    />
  </div>
  <div
    className="callToActionContainer"
  >
    <button
      className="btn btn-primary"
      onClick={[Function]}
      type="button"
    >
      Submit
    </button>
  </div>
</div>
`;
